// Jest Snapshot v1, https://goo.gl/fbAQLP

exports[`endpoint types CacheProvider should enforce defined types should console.error on invalid payload 1`] = `[]`;

exports[`endpoint types ExternalDataProvider should enforce defined types should console.error on invalid payload 1`] = `[]`;
