// Jest Snapshot v1, https://goo.gl/fbAQLP

exports[`getDefaultManagers() networkManager should not be removable 1`] = `
[
  [
    "Disabling NetworkManager is not allowed.",
  ],
]
`;
