// Jest Snapshot v1, https://goo.gl/fbAQLP

exports[`ArraySchema denormalization (direct) denormalize sorts 1`] = `
[
  User {
    "id": "3",
    "isAdmin": false,
    "name": "Zeta",
  },
  User {
    "id": "1",
    "isAdmin": false,
    "name": "Milo",
  },
  User {
    "id": "2",
    "isAdmin": false,
    "name": "Jake",
  },
  User {
    "id": "4",
    "isAdmin": false,
    "name": "Alpha",
  },
]
`;

exports[`ArraySchema denormalization (direct) denormalize sorts with arg 1`] = `
[
  User {
    "id": "4",
    "isAdmin": false,
    "name": "Alpha",
  },
  User {
    "id": "2",
    "isAdmin": false,
    "name": "Jake",
  },
  User {
    "id": "1",
    "isAdmin": false,
    "name": "Milo",
  },
  User {
    "id": "3",
    "isAdmin": false,
    "name": "Zeta",
  },
]
`;

exports[`ArraySchema denormalization (immutable) denormalize sorts 1`] = `
[
  User {
    "id": "3",
    "isAdmin": false,
    "name": "Zeta",
  },
  User {
    "id": "1",
    "isAdmin": false,
    "name": "Milo",
  },
  User {
    "id": "2",
    "isAdmin": false,
    "name": "Jake",
  },
  User {
    "id": "4",
    "isAdmin": false,
    "name": "Alpha",
  },
]
`;

exports[`ArraySchema denormalization (immutable) denormalize sorts with arg 1`] = `
[
  User {
    "id": "4",
    "isAdmin": false,
    "name": "Alpha",
  },
  User {
    "id": "2",
    "isAdmin": false,
    "name": "Jake",
  },
  User {
    "id": "1",
    "isAdmin": false,
    "name": "Milo",
  },
  User {
    "id": "3",
    "isAdmin": false,
    "name": "Zeta",
  },
]
`;
