// Jest Snapshot v1, https://goo.gl/fbAQLP

exports[`useController.fetch should dispatch an action that fetches a create 1`] = `
Object {
  "endpoint": [Function],
  "meta": Object {
    "args": Array [
      Object {
        "content": "hi",
      },
    ],
    "key": "POST http://test.com/article-cooler/",
    "options": [Function],
    "reject": [Function],
    "resolve": [Function],
    "schema": [Function],
    "throttle": false,
    "type": "mutate",
  },
  "payload": [Function],
  "type": "rest-hooks/fetch",
}
`;

exports[`useController.fetch should dispatch an action that fetches a full update 1`] = `
Object {
  "endpoint": [Function],
  "meta": Object {
    "args": Array [
      Object {
        "id": 1,
      },
      Object {
        "content": "changed",
      },
    ],
    "key": "PUT http://test.com/article-cooler/1",
    "options": [Function],
    "reject": [Function],
    "resolve": [Function],
    "schema": [Function],
    "throttle": false,
    "type": "mutate",
  },
  "payload": [Function],
  "type": "rest-hooks/fetch",
}
`;

exports[`useController.fetch should dispatch an action that fetches a partial update 1`] = `
Object {
  "endpoint": [Function],
  "meta": Object {
    "args": Array [
      Object {
        "id": 1,
      },
      Object {
        "content": "changed",
      },
    ],
    "key": "PATCH http://test.com/article-cooler/1",
    "options": [Function],
    "reject": [Function],
    "resolve": [Function],
    "schema": [Function],
    "throttle": false,
    "type": "mutate",
  },
  "payload": [Function],
  "type": "rest-hooks/fetch",
}
`;

exports[`useController.fetch should dispatch an action with updater in the meta if update shapes params are passed in 1`] = `
Object {
  "endpoint": [Function],
  "meta": Object {
    "args": Array [
      Object {
        "content": "hi",
      },
    ],
    "key": "POST http://test.com/article-cooler/",
    "options": [Function],
    "reject": [Function],
    "resolve": [Function],
    "schema": [Function],
    "throttle": false,
    "type": "mutate",
  },
  "payload": [Function],
  "type": "rest-hooks/fetch",
}
`;

exports[`useController.fetch should refresh get details 1`] = `
Object {
  "endpoint": [Function],
  "meta": Object {
    "args": Array [
      Object {
        "id": 1,
      },
    ],
    "key": "GET http://test.com/article-cooler/1",
    "options": [Function],
    "reject": [Function],
    "resolve": [Function],
    "schema": [Function],
    "throttle": true,
    "type": "read",
  },
  "payload": [Function],
  "type": "rest-hooks/fetch",
}
`;
