// Jest Snapshot v1, https://goo.gl/fbAQLP

exports[`CacheProvider should log error message when user update method throws 1`] = `
Array [
  Array [
    "The following error occured during Endpoint.update() for POST http://test.com/article-cooler/",
  ],
  Array [
    [Error: usererror],
  ],
]
`;

exports[`ExternalCacheProvider should log error message when user update method throws 1`] = `
Array [
  Array [
    "The following error occured during Endpoint.update() for POST http://test.com/article-cooler/",
  ],
  Array [
    [Error: usererror],
  ],
]
`;
